class : CLASS
[@0,0:4='class',<9>,1:0]
A : TYPE_ID
[@1,6:6='A',<24>,1:6]
{ : LBRACE
[@2,8:8='{',<34>,1:8]
} : RBRACE
[@3,9:9='}',<35>,1:9]
; : SEMI
[@4,10:10=';',<28>,1:10]
class : CLASS
[@5,13:17='class',<9>,3:0]
B : TYPE_ID
[@6,19:19='B',<24>,3:6]
inherits : INHERITS
[@7,21:28='inherits',<10>,3:8]
A : TYPE_ID
[@8,30:30='A',<24>,3:17]
{ : LBRACE
[@9,32:32='{',<34>,3:19]
} : RBRACE
[@10,33:33='}',<35>,3:20]
; : SEMI
[@11,34:34=';',<28>,3:21]
<EOF> : EOF
[@12,35:34='<EOF>',<-1>,3:22]
