class : CLASS
[@0,0:4='class',<9>,1:0]
A : TYPE_ID
[@1,6:6='A',<24>,1:6]
{ : LBRACE
[@2,8:8='{',<34>,1:8]
x : ID
[@3,14:14='x',<25>,2:4]
: : COLON
[@4,16:16=':',<29>,2:6]
SELF_TYPE : SELFTYPE
[@5,18:26='SELF_TYPE',<13>,2:8]
; : SEMI
[@6,27:27=';',<28>,2:17]
f : ID
[@7,38:38='f',<25>,4:4]
( : LPAREN
[@8,39:39='(',<32>,4:5]
) : RPAREN
[@9,40:40=')',<33>,4:6]
: : COLON
[@10,42:42=':',<29>,4:8]
Object : TYPE_ID
[@11,44:49='Object',<24>,4:10]
{ : LBRACE
[@12,51:51='{',<34>,4:17]
0 : INT
[@13,53:53='0',<23>,4:19]
} : RBRACE
[@14,55:55='}',<35>,4:21]
; : SEMI
[@15,56:56=';',<28>,4:22]
} : RBRACE
[@16,58:58='}',<35>,5:0]
; : SEMI
[@17,59:59=';',<28>,5:1]
class : CLASS
[@18,62:66='class',<9>,7:0]
B : TYPE_ID
[@19,68:68='B',<24>,7:6]
inherits : INHERITS
[@20,70:77='inherits',<10>,7:8]
A : TYPE_ID
[@21,79:79='A',<24>,7:17]
{ : LBRACE
[@22,81:81='{',<34>,7:19]
y : ID
[@23,87:87='y',<25>,8:4]
: : COLON
[@24,89:89=':',<29>,8:6]
Int : TYPE
[@25,91:93='Int',<22>,8:8]
<- : ASSIGN
[@26,95:96='<-',<31>,8:12]
0 : INT
[@27,98:98='0',<23>,8:15]
; : SEMI
[@28,99:99=';',<28>,8:16]
g : ID
[@29,110:110='g',<25>,10:4]
( : LPAREN
[@30,111:111='(',<32>,10:5]
x : ID
[@31,112:112='x',<25>,10:6]
: : COLON
[@32,114:114=':',<29>,10:8]
Int : TYPE
[@33,116:118='Int',<22>,10:10]
, : COMMA
[@34,119:119=',',<30>,10:13]
y : ID
[@35,121:121='y',<25>,10:15]
: : COLON
[@36,123:123=':',<29>,10:17]
Bool : TYPE
[@37,125:128='Bool',<22>,10:19]
) : RPAREN
[@38,129:129=')',<33>,10:23]
: : COLON
[@39,131:131=':',<29>,10:25]
Int : TYPE
[@40,133:135='Int',<22>,10:27]
{ : LBRACE
[@41,137:137='{',<34>,10:31]
0 : INT
[@42,139:139='0',<23>,10:33]
} : RBRACE
[@43,141:141='}',<35>,10:35]
; : SEMI
[@44,142:142=';',<28>,10:36]
} : RBRACE
[@45,144:144='}',<35>,11:0]
; : SEMI
[@46,145:145=';',<28>,11:1]
<EOF> : EOF
[@47,146:145='<EOF>',<-1>,11:2]
"04-method.cl", line 2:9, Syntax error: mismatched input 'SELF_TYPE' expecting TYPE_ID
"04-method.cl", line 8:9, Syntax error: mismatched input 'Int' expecting TYPE_ID
"04-method.cl", line 10:11, Syntax error: mismatched input 'Int' expecting TYPE_ID
"04-method.cl", line 10:20, Syntax error: mismatched input 'Bool' expecting TYPE_ID
"04-method.cl", line 10:28, Syntax error: mismatched input 'Int' expecting TYPE_ID
Compilation halted
