line 7:12 token recognition error at: '.g'
line 11:13 token recognition error at: '@'
line 11:15 token recognition error at: '.h'
line 11:24 token recognition error at: '.h'
class : CLASS
[@0,0:4='class',<9>,1:0]
A : TYPE_ID
[@1,6:6='A',<24>,1:6]
{ : LBRACE
[@2,8:8='{',<34>,1:8]
f : ID
[@3,14:14='f',<25>,2:4]
( : LPAREN
[@4,15:15='(',<32>,2:5]
x : ID
[@5,16:16='x',<25>,2:6]
: : COLON
[@6,18:18=':',<29>,2:8]
Int : TYPE
[@7,20:22='Int',<22>,2:10]
) : RPAREN
[@8,23:23=')',<33>,2:13]
: : COLON
[@9,25:25=':',<29>,2:15]
Bool : TYPE
[@10,27:30='Bool',<22>,2:17]
{ : LBRACE
[@11,32:32='{',<34>,2:22]
f : ID
[@12,42:42='f',<25>,3:8]
( : LPAREN
[@13,43:43='(',<32>,3:9]
x : ID
[@14,44:44='x',<25>,3:10]
+ : PLUS
[@15,46:46='+',<36>,3:12]
1 : INT
[@16,48:48='1',<23>,3:14]
) : RPAREN
[@17,49:49=')',<33>,3:15]
} : RBRACE
[@18,55:55='}',<35>,4:4]
; : SEMI
[@19,56:56=';',<28>,4:5]
g : ID
[@20,67:67='g',<25>,6:4]
( : LPAREN
[@21,68:68='(',<32>,6:5]
x : ID
[@22,69:69='x',<25>,6:6]
: : COLON
[@23,71:71=':',<29>,6:8]
Int : TYPE
[@24,73:75='Int',<22>,6:10]
, : COMMA
[@25,76:76=',',<30>,6:13]
y : ID
[@26,78:78='y',<25>,6:15]
: : COLON
[@27,80:80=':',<29>,6:17]
Int : TYPE
[@28,82:84='Int',<22>,6:19]
) : RPAREN
[@29,85:85=')',<33>,6:22]
: : COLON
[@30,87:87=':',<29>,6:24]
Bool : TYPE
[@31,89:92='Bool',<22>,6:26]
{ : LBRACE
[@32,94:94='{',<34>,6:31]
self : ID
[@33,104:107='self',<25>,7:8]
( : LPAREN
[@34,110:110='(',<32>,7:14]
x : ID
[@35,111:111='x',<25>,7:15]
+ : PLUS
[@36,113:113='+',<36>,7:17]
1 : INT
[@37,115:115='1',<23>,7:19]
, : COMMA
[@38,116:116=',',<30>,7:20]
y : ID
[@39,118:118='y',<25>,7:22]
+ : PLUS
[@40,120:120='+',<36>,7:24]
1 : INT
[@41,122:122='1',<23>,7:26]
) : RPAREN
[@42,123:123=')',<33>,7:27]
} : RBRACE
[@43,129:129='}',<35>,8:4]
; : SEMI
[@44,130:130=';',<28>,8:5]
h : ID
[@45,141:141='h',<25>,10:4]
( : LPAREN
[@46,142:142='(',<32>,10:5]
x : ID
[@47,143:143='x',<25>,10:6]
: : COLON
[@48,145:145=':',<29>,10:8]
Int : TYPE
[@49,147:149='Int',<22>,10:10]
) : RPAREN
[@50,150:150=')',<33>,10:13]
: : COLON
[@51,152:152=':',<29>,10:15]
A : TYPE_ID
[@52,154:154='A',<24>,10:17]
{ : LBRACE
[@53,156:156='{',<34>,10:19]
new : NEW
[@54,166:168='new',<8>,11:8]
A : TYPE_ID
[@55,170:170='A',<24>,11:12]
A : TYPE_ID
[@56,172:172='A',<24>,11:14]
( : LPAREN
[@57,175:175='(',<32>,11:17]
x : ID
[@58,176:176='x',<25>,11:18]
+ : PLUS
[@59,178:178='+',<36>,11:20]
1 : INT
[@60,180:180='1',<23>,11:22]
) : RPAREN
[@61,181:181=')',<33>,11:23]
( : LPAREN
[@62,184:184='(',<32>,11:26]
x : ID
[@63,185:185='x',<25>,11:27]
+ : PLUS
[@64,187:187='+',<36>,11:29]
2 : INT
[@65,189:189='2',<23>,11:31]
) : RPAREN
[@66,190:190=')',<33>,11:32]
} : RBRACE
[@67,196:196='}',<35>,12:4]
; : SEMI
[@68,197:197=';',<28>,12:5]
} : RBRACE
[@69,199:199='}',<35>,13:0]
; : SEMI
[@70,200:200=';',<28>,13:1]
<EOF> : EOF
[@71,201:200='<EOF>',<-1>,13:2]
"10-dispatch.cl", line 2:11, Syntax error: mismatched input 'Int' expecting TYPE_ID
"10-dispatch.cl", line 2:18, Syntax error: mismatched input 'Bool' expecting TYPE_ID
"10-dispatch.cl", line 6:11, Syntax error: mismatched input 'Int' expecting TYPE_ID
"10-dispatch.cl", line 6:20, Syntax error: mismatched input 'Int' expecting TYPE_ID
"10-dispatch.cl", line 6:27, Syntax error: mismatched input 'Bool' expecting TYPE_ID
"10-dispatch.cl", line 10:11, Syntax error: mismatched input 'Int' expecting TYPE_ID
"10-dispatch.cl", line 11:15, Syntax error: mismatched input 'A' expecting {'}', '+', '-', '*', '/', '=', '<', '<='}
Compilation halted
