class : CLASS
[@0,0:4='class',<9>,1:0]
A : TYPE_ID
[@1,6:6='A',<24>,1:6]
{ : LBRACE
[@2,8:8='{',<34>,1:8]
f : ID
[@3,14:14='f',<25>,2:4]
( : LPAREN
[@4,15:15='(',<32>,2:5]
x : ID
[@5,16:16='x',<25>,2:6]
: : COLON
[@6,18:18=':',<29>,2:8]
Int : TYPE
[@7,20:22='Int',<22>,2:10]
) : RPAREN
[@8,23:23=')',<33>,2:13]
: : COLON
[@9,25:25=':',<29>,2:15]
Int : TYPE
[@10,27:29='Int',<22>,2:17]
{ : LBRACE
[@11,31:31='{',<34>,2:21]
if : IF
[@12,41:42='if',<2>,3:8]
x : ID
[@13,44:44='x',<25>,3:11]
<= : LE
[@14,46:47='<=',<43>,3:13]
5 : INT
[@15,49:49='5',<23>,3:16]
then : THEN
[@16,51:54='then',<3>,3:18]
x : ID
[@17,56:56='x',<25>,3:23]
else : ELSE
[@18,58:61='else',<4>,3:25]
x : ID
[@19,63:63='x',<25>,3:30]
+ : PLUS
[@20,65:65='+',<36>,3:32]
1 : INT
[@21,67:67='1',<23>,3:34]
fi : FI
[@22,69:70='fi',<5>,3:36]
} : RBRACE
[@23,76:76='}',<35>,4:4]
; : SEMI
[@24,77:77=';',<28>,4:5]
} : RBRACE
[@25,79:79='}',<35>,5:0]
; : SEMI
[@26,80:80=';',<28>,5:1]
<EOF> : EOF
[@27,81:80='<EOF>',<-1>,5:2]
"11-if.cl", line 2:11, Syntax error: mismatched input 'Int' expecting TYPE_ID
"11-if.cl", line 2:18, Syntax error: mismatched input 'Int' expecting TYPE_ID
Compilation halted
