class : CLASS
[@0,0:4='class',<9>,1:0]
A : TYPE_ID
[@1,6:6='A',<24>,1:6]
{ : LBRACE
[@2,8:8='{',<34>,1:8]
f : ID
[@3,14:14='f',<25>,2:4]
( : LPAREN
[@4,15:15='(',<32>,2:5]
x : ID
[@5,16:16='x',<25>,2:6]
: : COLON
[@6,18:18=':',<29>,2:8]
Int : TYPE
[@7,20:22='Int',<22>,2:10]
) : RPAREN
[@8,23:23=')',<33>,2:13]
: : COLON
[@9,25:25=':',<29>,2:15]
Int : TYPE
[@10,27:29='Int',<22>,2:17]
{ : LBRACE
[@11,31:31='{',<34>,2:21]
let : LET
[@12,41:43='let',<11>,3:8]
x : ID
[@13,45:45='x',<25>,3:12]
: : COLON
[@14,47:47=':',<29>,3:14]
Int : TYPE
[@15,49:51='Int',<22>,3:16]
<- : ASSIGN
[@16,53:54='<-',<31>,3:20]
x : ID
[@17,56:56='x',<25>,3:23]
+ : PLUS
[@18,58:58='+',<36>,3:25]
1 : INT
[@19,60:60='1',<23>,3:27]
, : COMMA
[@20,61:61=',',<30>,3:28]
y : ID
[@21,75:75='y',<25>,4:12]
: : COLON
[@22,77:77=':',<29>,4:14]
Int : TYPE
[@23,79:81='Int',<22>,4:16]
<- : ASSIGN
[@24,83:84='<-',<31>,4:20]
x : ID
[@25,86:86='x',<25>,4:23]
+ : PLUS
[@26,88:88='+',<36>,4:25]
1 : INT
[@27,90:90='1',<23>,4:27]
in : IN
[@28,100:101='in',<12>,5:8]
x : ID
[@29,115:115='x',<25>,6:12]
} : RBRACE
[@30,121:121='}',<35>,7:4]
; : SEMI
[@31,122:122=';',<28>,7:5]
} : RBRACE
[@32,124:124='}',<35>,8:0]
; : SEMI
[@33,125:125=';',<28>,8:1]
<EOF> : EOF
[@34,126:125='<EOF>',<-1>,8:2]
"13-let.cl", line 2:11, Syntax error: mismatched input 'Int' expecting TYPE_ID
"13-let.cl", line 2:18, Syntax error: mismatched input 'Int' expecting TYPE_ID
Compilation halted
