there are no strings in CPLang, but shhh..
there are no strings in CPLang, but shhh..
there are no strings in CPLang, but shhh..
there are no strings in CPLang, but shhh..
there are no strings in CPLang, but shhh..
class : CLASS
[@0,0:4='class',<9>,1:0]
A : TYPE_ID
[@1,6:6='A',<24>,1:6]
{ : LBRACE
[@2,8:8='{',<34>,1:8]
s1 : ID
[@3,14:15='s1',<25>,2:4]
: : COLON
[@4,17:17=':',<29>,2:7]
String : TYPE_ID
[@5,19:24='String',<24>,2:9]
<- : ASSIGN
[@6,26:27='<-',<31>,2:16]
"ab\tcd" : STRING
[@7,29:36='"ab\tcd"',<27>,2:19]
; : SEMI
[@8,37:37=';',<28>,2:27]
s2 : ID
[@9,43:44='s2',<25>,3:4]
: : COLON
[@10,46:46=':',<29>,3:7]
String : TYPE_ID
[@11,48:53='String',<24>,3:9]
<- : ASSIGN
[@12,55:56='<-',<31>,3:16]
"ab\ncd" : STRING
[@13,58:65='"ab\ncd"',<27>,3:19]
; : SEMI
[@14,66:66=';',<28>,3:27]
s3 : ID
[@15,72:73='s3',<25>,4:4]
: : COLON
[@16,75:75=':',<29>,4:7]
String : TYPE_ID
[@17,77:82='String',<24>,4:9]
<- : ASSIGN
[@18,84:85='<-',<31>,4:16]
"ab\
cd" : STRING
[@19,87:94='"ab\\ncd"',<27>,4:19]
; : SEMI
[@20,95:95=';',<28>,5:3]
s4 : ID
[@21,101:102='s4',<25>,6:4]
: : COLON
[@22,104:104=':',<29>,6:7]
String : TYPE_ID
[@23,106:111='String',<24>,6:9]
<- : ASSIGN
[@24,113:114='<-',<31>,6:16]
"ab\\cd" : STRING
[@25,116:123='"ab\\cd"',<27>,6:19]
; : SEMI
[@26,124:124=';',<28>,6:27]
s5 : ID
[@27,130:131='s5',<25>,7:4]
: : COLON
[@28,133:133=':',<29>,7:7]
String : TYPE_ID
[@29,135:140='String',<24>,7:9]
<- : ASSIGN
[@30,142:143='<-',<31>,7:16]
"ab\zcd" : STRING
[@31,145:152='"ab\zcd"',<27>,7:19]
; : SEMI
[@32,153:153=';',<28>,7:27]
} : RBRACE
[@33,155:155='}',<35>,8:0]
; : SEMI
[@34,156:156=';',<28>,8:1]
<EOF> : EOF
[@35,157:156='<EOF>',<-1>,8:2]
