line 2:8 token recognition error at: 'ă'
line 2:15 token recognition error at: 'ă'
line 2:25 token recognition error at: 'ă'
line 2:42 token recognition error at: 'â'
line 2:66 token recognition error at: 'ș'
line 3:23 token recognition error at: '. '
line 3:27 token recognition error at: 'â'
line 3:29 token recognition error at: 'ș'
line 3:69 token recognition error at: '.\n'
line 5:16 token recognition error at: 'ă'
line 5:28 token recognition error at: '.\n'
line 21:49 token recognition error at: 'ț'
line 21:54 token recognition error at: 'î'
line 21:61 token recognition error at: 'ț'
line 22:26 token recognition error at: '. '
line 22:40 token recognition error at: 'ș'
line 22:49 token recognition error at: 'ț'
line 22:52 token recognition error at: '. '
line 22:54 token recognition error at: 'Ș'
line 22:69 token recognition error at: 'î'
line 22:78 token recognition error at: 'ă'
line 23:57 token recognition error at: 'ă'
line 23:70 token recognition error at: '.\n'
line 26:38 token recognition error at: '.i'
line 26:67 token recognition error at: 'ă'
there are no strings in CPLang, but shhh..
line 31:30 token recognition error at: '.c'
there are no strings in CPLang, but shhh..
there are no strings in CPLang, but shhh..
line 32:64 token recognition error at: '.p'
there are no strings in CPLang, but shhh..
line 43:37 token recognition error at: 'ț'
line 43:45 token recognition error at: 'ă'
line 45:28 token recognition error at: '.i'
line 46:32 token recognition error at: '.i'
line 47:36 token recognition error at: '.i'
line 49:20 token recognition error at: '.p'
line 51:26 token recognition error at: 'î'
line 51:39 token recognition error at: 'ș'
line 51:48 token recognition error at: 'î'
line 51:51 token recognition error at: 'ă'
line 51:53 token recognition error at: 'ț'
line 51:72 token recognition error at: 'ț'
line 51:75 token recognition error at: '.\n'
there are no strings in CPLang, but shhh..
line 52:68 token recognition error at: '.i'
there are no strings in CPLang, but shhh..
line 55:54 token recognition error at: '.o'
line 56:24 token recognition error at: '.o'
there are no strings in CPLang, but shhh..
there are no strings in CPLang, but shhh..
line 57:54 token recognition error at: '.o'
line 58:24 token recognition error at: '.o'
there are no strings in CPLang, but shhh..
line 71:30 token recognition error at: 'ă'
line 71:47 token recognition error at: '. '
line 72:42 token recognition error at: '. '
( : LPAREN
[@0,0:0='(',<32>,1:0]
* : MUL
[@1,1:1='*',<38>,1:1]
List : TYPE_ID
[@2,7:10='List',<24>,2:4]
nevid : ID
[@3,13:17='nevid',<25>,2:10]
eterogen : ID
[@4,20:27='eterogen',<25>,2:17]
, : COMMA
[@5,29:29=',',<30>,2:26]
cu : ID
[@6,31:32='cu',<25>,2:28]
elemente : ID
[@7,34:41='elemente',<25>,2:31]
av : ID
[@8,43:44='av',<25>,2:40]
nd : ID
[@9,46:47='nd',<25>,2:43]
tipul : ID
[@10,49:53='tipul',<25>,2:46]
static : ID
[@11,55:60='static',<25>,2:52]
Object : TYPE_ID
[@12,62:67='Object',<24>,2:59]
i : ID
[@13,70:70='i',<25>,2:67]
tipuri : ID
[@14,72:77='tipuri',<25>,2:69]
dinamice : ID
[@15,83:90='dinamice',<25>,3:4]
amestecate : ID
[@16,92:101='amestecate',<25>,3:13]
Sf : TYPE_ID
[@17,104:105='Sf',<24>,3:25]
r : ID
[@18,107:107='r',<25>,3:28]
itul : ID
[@19,109:112='itul',<25>,3:30]
liste : ID
[@20,114:118='liste',<25>,3:35]
este : ID
[@21,120:123='este',<25>,3:41]
semnalat : ID
[@22,125:132='semnalat',<25>,3:46]
de : ID
[@23,134:135='de',<25>,3:55]
next : ID
[@24,137:140='next',<25>,3:58]
= : EQUAL
[@25,142:142='=',<41>,3:63]
void : ID
[@26,144:147='void',<25>,3:65]
Adaptare : TYPE_ID
[@27,155:162='Adaptare',<24>,5:4]
dup : ID
[@28,164:166='dup',<25>,5:13]
Alex : TYPE_ID
[@29,169:172='Alex',<24>,5:18]
Aiken : TYPE_ID
[@30,174:178='Aiken',<24>,5:23]
* : MUL
[@31,181:181='*',<38>,6:0]
) : RPAREN
[@32,182:182=')',<33>,6:1]
class : CLASS
[@33,184:188='class',<9>,7:0]
List : TYPE_ID
[@34,190:193='List',<24>,7:6]
inherits : INHERITS
[@35,195:202='inherits',<10>,7:11]
IO : TYPE_ID
[@36,204:205='IO',<24>,7:20]
{ : LBRACE
[@37,207:207='{',<34>,7:23]
elem : ID
[@38,213:216='elem',<25>,8:4]
: : COLON
[@39,218:218=':',<29>,8:9]
Object : TYPE_ID
[@40,220:225='Object',<24>,8:11]
; : SEMI
[@41,226:226=';',<28>,8:17]
next : ID
[@42,232:235='next',<25>,9:4]
: : COLON
[@43,237:237=':',<29>,9:9]
List : TYPE_ID
[@44,239:242='List',<24>,9:11]
; : SEMI
[@45,243:243=';',<28>,9:15]
init : ID
[@46,250:253='init',<25>,11:4]
( : LPAREN
[@47,254:254='(',<32>,11:8]
e : ID
[@48,255:255='e',<25>,11:9]
: : COLON
[@49,257:257=':',<29>,11:11]
Object : TYPE_ID
[@50,259:264='Object',<24>,11:13]
, : COMMA
[@51,265:265=',',<30>,11:19]
n : ID
[@52,267:267='n',<25>,11:21]
: : COLON
[@53,269:269=':',<29>,11:23]
List : TYPE_ID
[@54,271:274='List',<24>,11:25]
) : RPAREN
[@55,275:275=')',<33>,11:29]
: : COLON
[@56,277:277=':',<29>,11:31]
List : TYPE_ID
[@57,279:282='List',<24>,11:33]
{ : LBRACE
[@58,284:284='{',<34>,11:38]
{ : LBRACE
[@59,294:294='{',<34>,12:8]
elem : ID
[@60,308:311='elem',<25>,13:12]
<- : ASSIGN
[@61,313:314='<-',<31>,13:17]
e : ID
[@62,316:316='e',<25>,13:20]
; : SEMI
[@63,317:317=';',<28>,13:21]
next : ID
[@64,331:334='next',<25>,14:12]
<- : ASSIGN
[@65,336:337='<-',<31>,14:17]
n : ID
[@66,339:339='n',<25>,14:20]
; : SEMI
[@67,340:340=';',<28>,14:21]
self : ID
[@68,354:357='self',<25>,15:12]
; : SEMI
[@69,358:358=';',<28>,15:16]
} : RBRACE
[@70,368:368='}',<35>,16:8]
} : RBRACE
[@71,374:374='}',<35>,17:4]
; : SEMI
[@72,375:375=';',<28>,17:5]
print : ID
[@73,382:386='print',<25>,19:4]
( : LPAREN
[@74,387:387='(',<32>,19:9]
) : RPAREN
[@75,388:388=')',<33>,19:10]
: : COLON
[@76,390:390=':',<29>,19:12]
IO : TYPE_ID
[@77,392:393='IO',<24>,19:14]
{ : LBRACE
[@78,395:395='{',<34>,19:17]
let : LET
[@79,405:407='let',<11>,20:8]
str : ID
[@80,409:411='str',<25>,20:12]
: : COLON
[@81,413:413=':',<29>,20:16]
String : TYPE_ID
[@82,415:420='String',<24>,20:18]
<- : ASSIGN
[@83,422:423='<-',<31>,20:25]
- : MINUS
[@84,441:441='-',<37>,21:16]
- : MINUS
[@85,442:442='-',<37>,21:17]
case : CASE
[@86,444:447='case',<17>,21:19]
permite : ID
[@87,449:455='permite',<25>,21:24]
ramificarea : ID
[@88,457:467='ramificarea',<25>,21:32]
execu : ID
[@89,469:473='execu',<25>,21:44]
iei : ID
[@90,475:477='iei',<25>,21:50]
n : ID
[@91,480:480='n',<25>,21:55]
func : ID
[@92,482:485='func',<25>,21:57]
ie : ID
[@93,487:488='ie',<25>,21:62]
de : ID
[@94,490:491='de',<25>,21:65]
tipul : ID
[@95,493:497='tipul',<25>,21:68]
- : MINUS
[@96,515:515='-',<37>,22:16]
- : MINUS
[@97,516:516='-',<37>,22:17]
dinamic : ID
[@98,518:524='dinamic',<25>,22:19]
abort : ID
[@99,527:531='abort',<25>,22:28]
( : LPAREN
[@100,532:532='(',<32>,22:33]
) : RPAREN
[@101,533:533=')',<33>,22:34]
opre : ID
[@102,535:538='opre',<25>,22:36]
te : ID
[@103,540:541='te',<25>,22:41]
execu : ID
[@104,543:547='execu',<25>,22:44]
ia : ID
[@105,549:550='ia',<25>,22:50]
irul : ID
[@106,554:557='irul',<25>,22:55]
vid : ID
[@107,559:561='vid',<25>,22:60]
care : ID
[@108,563:566='care',<25>,22:64]
i : ID
[@109,569:569='i',<25>,22:70]
urmeaz : ID
[@110,571:576='urmeaz',<25>,22:72]
- : MINUS
[@111,595:595='-',<37>,23:16]
- : MINUS
[@112,596:596='-',<37>,23:17]
este : ID
[@113,598:601='este',<25>,23:19]
necesar : ID
[@114,603:609='necesar',<25>,23:24]
pentru : ID
[@115,611:616='pentru',<25>,23:32]
verificarea : ID
[@116,618:628='verificarea',<25>,23:39]
static : ID
[@117,630:635='static',<25>,23:51]
a : ID
[@118,638:638='a',<25>,23:59]
tipurilor : ID
[@119,640:648='tipurilor',<25>,23:61]
case : CASE
[@120,667:670='case',<17>,24:16]
elem : ID
[@121,672:675='elem',<25>,24:21]
of : OF
[@122,677:678='of',<18>,24:26]
s : ID
[@123,700:700='s',<25>,25:20]
: : COLON
[@124,702:702=':',<29>,25:22]
String : TYPE_ID
[@125,704:709='String',<24>,25:24]
=> : RESULTS
[@126,711:712='=>',<40>,25:31]
s : ID
[@127,714:714='s',<25>,25:34]
; : SEMI
[@128,715:715=';',<28>,25:35]
n : ID
[@129,737:737='n',<25>,26:20]
: : COLON
[@130,739:739=':',<29>,26:22]
Int : TYPE
[@131,741:743='Int',<22>,26:24]
=> : RESULTS
[@132,745:746='=>',<40>,26:28]
new : NEW
[@133,748:750='new',<8>,26:31]
A2I : TYPE_ID
[@134,752:754='A2I',<24>,26:35]
2 : INT
[@135,757:757='2',<23>,26:40]
a : ID
[@136,758:758='a',<25>,26:41]
( : LPAREN
[@137,759:759='(',<32>,26:42]
n : ID
[@138,760:760='n',<25>,26:43]
) : RPAREN
[@139,761:761=')',<33>,26:44]
; : SEMI
[@140,762:762=';',<28>,26:45]
- : MINUS
[@141,765:765='-',<37>,26:48]
- : MINUS
[@142,766:766='-',<37>,26:49]
A2I : TYPE_ID
[@143,768:770='A2I',<24>,26:51]
este : ID
[@144,772:775='este',<25>,26:55]
definit : ID
[@145,777:783='definit',<25>,26:60]
mai : ID
[@146,786:788='mai',<25>,26:69]
jos : ID
[@147,790:792='jos',<25>,26:73]
o : ID
[@148,814:814='o',<25>,27:20]
: : COLON
[@149,816:816=':',<29>,27:22]
Object : TYPE_ID
[@150,818:823='Object',<24>,27:24]
=> : RESULTS
[@151,825:826='=>',<40>,27:31]
{ : LBRACE
[@152,828:828='{',<34>,27:34]
abort : ID
[@153,830:834='abort',<25>,27:36]
( : LPAREN
[@154,835:835='(',<32>,27:41]
) : RPAREN
[@155,836:836=')',<33>,27:42]
; : SEMI
[@156,837:837=';',<28>,27:43]
"" : STRING
[@157,839:840='""',<27>,27:45]
; : SEMI
[@158,841:841=';',<28>,27:47]
} : RBRACE
[@159,843:843='}',<35>,27:49]
; : SEMI
[@160,844:844=';',<28>,27:50]
esac : ESAC
[@161,862:865='esac',<19>,28:16]
in : IN
[@162,875:876='in',<12>,29:8]
{ : LBRACE
[@163,890:890='{',<34>,30:12]
out_string : ID
[@164,908:917='out_string',<25>,31:16]
( : LPAREN
[@165,918:918='(',<32>,31:26]
str : ID
[@166,919:921='str',<25>,31:27]
oncat : ID
[@167,924:928='oncat',<25>,31:32]
( : LPAREN
[@168,929:929='(',<32>,31:37]
" " : STRING
[@169,930:932='" "',<27>,31:38]
) : RPAREN
[@170,933:933=')',<33>,31:41]
) : RPAREN
[@171,934:934=')',<33>,31:42]
; : SEMI
[@172,935:935=';',<28>,31:43]
if : IF
[@173,953:954='if',<2>,32:16]
( : LPAREN
[@174,956:956='(',<32>,32:19]
isvoid : ISVOID
[@175,957:962='isvoid',<20>,32:20]
next : ID
[@176,964:967='next',<25>,32:27]
) : RPAREN
[@177,968:968=')',<33>,32:31]
then : THEN
[@178,970:973='then',<3>,32:33]
out_string : ID
[@179,975:984='out_string',<25>,32:38]
( : LPAREN
[@180,985:985='(',<32>,32:48]
"\n" : STRING
[@181,986:989='"\n"',<27>,32:49]
) : RPAREN
[@182,990:990=')',<33>,32:53]
else : ELSE
[@183,992:995='else',<4>,32:55]
next : ID
[@184,997:1000='next',<25>,32:60]
rint : ID
[@185,1003:1006='rint',<25>,32:66]
( : LPAREN
[@186,1007:1007='(',<32>,32:70]
) : RPAREN
[@187,1008:1008=')',<33>,32:71]
fi : FI
[@188,1010:1011='fi',<5>,32:73]
; : SEMI
[@189,1012:1012=';',<28>,32:75]
} : RBRACE
[@190,1026:1026='}',<35>,33:12]
} : RBRACE
[@191,1032:1032='}',<35>,34:4]
; : SEMI
[@192,1033:1033=';',<28>,34:5]
} : RBRACE
[@193,1035:1035='}',<35>,35:0]
; : SEMI
[@194,1036:1036=';',<28>,35:1]
class : CLASS
[@195,1039:1043='class',<9>,37:0]
Main : TYPE_ID
[@196,1045:1048='Main',<24>,37:6]
inherits : INHERITS
[@197,1050:1057='inherits',<10>,37:11]
IO : TYPE_ID
[@198,1059:1060='IO',<24>,37:20]
{ : LBRACE
[@199,1062:1062='{',<34>,37:23]
main : ID
[@200,1068:1071='main',<25>,38:4]
( : LPAREN
[@201,1072:1072='(',<32>,38:8]
) : RPAREN
[@202,1073:1073=')',<33>,38:9]
: : COLON
[@203,1075:1075=':',<29>,38:11]
Object : TYPE_ID
[@204,1077:1082='Object',<24>,38:13]
{ : LBRACE
[@205,1084:1084='{',<34>,38:20]
{ : LBRACE
[@206,1094:1094='{',<34>,39:8]
let : LET
[@207,1108:1110='let',<11>,40:12]
x : ID
[@208,1112:1112='x',<25>,40:16]
: : COLON
[@209,1114:1114=':',<29>,40:18]
Int : TYPE
[@210,1116:1118='Int',<22>,40:20]
<- : ASSIGN
[@211,1120:1121='<-',<31>,40:24]
0 : INT
[@212,1123:1123='0',<23>,40:27]
, : COMMA
[@213,1124:1124=',',<30>,40:28]
y : ID
[@214,1142:1142='y',<25>,41:16]
: : COLON
[@215,1144:1144=':',<29>,41:18]
String : TYPE_ID
[@216,1146:1151='String',<24>,41:20]
<- : ASSIGN
[@217,1153:1154='<-',<31>,41:27]
"!" : STRING
[@218,1156:1158='"!"',<27>,41:30]
, : COMMA
[@219,1159:1159=',',<30>,41:33]
z : ID
[@220,1177:1177='z',<25>,42:16]
: : COLON
[@221,1179:1179=':',<29>,42:18]
Int : TYPE
[@222,1181:1183='Int',<22>,42:20]
<- : ASSIGN
[@223,1185:1186='<-',<31>,42:24]
x : ID
[@224,1188:1188='x',<25>,42:27]
+ : PLUS
[@225,1190:1190='+',<36>,42:29]
2 : INT
[@226,1192:1192='2',<23>,42:31]
, : COMMA
[@227,1193:1193=',',<30>,42:32]
empty : ID
[@228,1211:1215='empty',<25>,43:16]
: : COLON
[@229,1217:1217=':',<29>,43:22]
List : TYPE_ID
[@230,1219:1222='List',<24>,43:24]
, : COMMA
[@231,1223:1223=',',<30>,43:28]
- : MINUS
[@232,1226:1226='-',<37>,43:31]
- : MINUS
[@233,1227:1227='-',<37>,43:32]
ini : ID
[@234,1229:1231='ini',<25>,43:34]
ializat : ID
[@235,1233:1239='ializat',<25>,43:38]
implicit : ID
[@236,1242:1249='implicit',<25>,43:47]
la : ID
[@237,1251:1252='la',<25>,43:56]
void : ID
[@238,1254:1257='void',<25>,43:59]
list : ID
[@239,1275:1278='list',<25>,44:16]
: : COLON
[@240,1280:1280=':',<29>,44:21]
List : TYPE_ID
[@241,1282:1285='List',<24>,44:23]
<- : ASSIGN
[@242,1287:1288='<-',<31>,44:28]
new : NEW
[@243,1310:1312='new',<8>,45:20]
List : TYPE_ID
[@244,1314:1317='List',<24>,45:24]
nit : ID
[@245,1320:1322='nit',<25>,45:30]
( : LPAREN
[@246,1323:1323='(',<32>,45:33]
x : ID
[@247,1324:1324='x',<25>,45:34]
, : COMMA
[@248,1325:1325=',',<30>,45:35]
new : NEW
[@249,1351:1353='new',<8>,46:24]
List : TYPE_ID
[@250,1355:1358='List',<24>,46:28]
nit : ID
[@251,1361:1363='nit',<25>,46:34]
( : LPAREN
[@252,1364:1364='(',<32>,46:37]
y : ID
[@253,1365:1365='y',<25>,46:38]
, : COMMA
[@254,1366:1366=',',<30>,46:39]
new : NEW
[@255,1396:1398='new',<8>,47:28]
List : TYPE_ID
[@256,1400:1403='List',<24>,47:32]
nit : ID
[@257,1406:1408='nit',<25>,47:38]
( : LPAREN
[@258,1409:1409='(',<32>,47:41]
z : ID
[@259,1410:1410='z',<25>,47:42]
, : COMMA
[@260,1411:1411=',',<30>,47:43]
empty : ID
[@261,1413:1417='empty',<25>,47:45]
) : RPAREN
[@262,1418:1418=')',<33>,47:50]
) : RPAREN
[@263,1419:1419=')',<33>,47:51]
) : RPAREN
[@264,1420:1420=')',<33>,47:52]
in : IN
[@265,1434:1435='in',<12>,48:12]
list : ID
[@266,1453:1456='list',<25>,49:16]
rint : ID
[@267,1459:1462='rint',<25>,49:22]
( : LPAREN
[@268,1463:1463='(',<32>,49:26]
) : RPAREN
[@269,1464:1464=')',<33>,49:27]
; : SEMI
[@270,1465:1465=';',<28>,49:28]
- : MINUS
[@271,1480:1480='-',<37>,51:12]
- : MINUS
[@272,1481:1481='-',<37>,51:13]
out_string : ID
[@273,1483:1492='out_string',<25>,51:15]
ntoarce : ID
[@274,1495:1501='ntoarce',<25>,51:27]
IO : TYPE_ID
[@275,1503:1504='IO',<24>,51:35]
, : COMMA
[@276,1505:1505=',',<30>,51:37]
i : ID
[@277,1508:1508='i',<25>,51:40]
putem : ID
[@278,1510:1514='putem',<25>,51:42]
nl : ID
[@279,1517:1518='nl',<25>,51:49]
n : ID
[@280,1520:1520='n',<25>,51:52]
ui : ID
[@281,1522:1523='ui',<25>,51:54]
mai : ID
[@282,1525:1527='mai',<25>,51:57]
multe : ID
[@283,1529:1533='multe',<25>,51:61]
opera : ID
[@284,1535:1539='opera',<25>,51:67]
ii : ID
[@285,1541:1542='ii',<25>,51:73]
let : LET
[@286,1557:1559='let',<11>,52:12]
n : ID
[@287,1561:1561='n',<25>,52:16]
: : COLON
[@288,1563:1563=':',<29>,52:18]
Int : TYPE
[@289,1565:1567='Int',<22>,52:20]
<- : ASSIGN
[@290,1569:1570='<-',<31>,52:24]
out_string : ID
[@291,1572:1581='out_string',<25>,52:27]
( : LPAREN
[@292,1582:1582='(',<32>,52:37]
"Calculăm factorial pentru: " : STRING
[@293,1583:1611='"Calculăm factorial pentru: "',<27>,52:38]
) : RPAREN
[@294,1612:1612=')',<33>,52:67]
n_int : ID
[@295,1615:1619='n_int',<25>,52:70]
( : LPAREN
[@296,1620:1620='(',<32>,52:75]
) : RPAREN
[@297,1621:1621=')',<33>,52:76]
in : IN
[@298,1635:1636='in',<12>,53:12]
{ : LBRACE
[@299,1654:1654='{',<34>,54:16]
out_string : ID
[@300,1676:1685='out_string',<25>,55:20]
( : LPAREN
[@301,1686:1686='(',<32>,55:30]
"Factorial recursiv: " : STRING
[@302,1687:1708='"Factorial recursiv: "',<27>,55:31]
) : RPAREN
[@303,1709:1709=')',<33>,55:53]
ut_int : ID
[@304,1712:1717='ut_int',<25>,55:56]
( : LPAREN
[@305,1718:1718='(',<32>,55:62]
fact_rec : ID
[@306,1719:1726='fact_rec',<25>,55:63]
( : LPAREN
[@307,1727:1727='(',<32>,55:71]
n : ID
[@308,1728:1728='n',<25>,55:72]
) : RPAREN
[@309,1729:1729=')',<33>,55:73]
) : RPAREN
[@310,1730:1730=')',<33>,55:74]
ut_string : ID
[@311,1758:1766='ut_string',<25>,56:26]
( : LPAREN
[@312,1767:1767='(',<32>,56:35]
"\n" : STRING
[@313,1768:1771='"\n"',<27>,56:36]
) : RPAREN
[@314,1772:1772=')',<33>,56:40]
; : SEMI
[@315,1773:1773=';',<28>,56:41]
out_string : ID
[@316,1795:1804='out_string',<25>,57:20]
( : LPAREN
[@317,1805:1805='(',<32>,57:30]
"Factorial iterativ: " : STRING
[@318,1806:1827='"Factorial iterativ: "',<27>,57:31]
) : RPAREN
[@319,1828:1828=')',<33>,57:53]
ut_int : ID
[@320,1831:1836='ut_int',<25>,57:56]
( : LPAREN
[@321,1837:1837='(',<32>,57:62]
fact_iter : ID
[@322,1838:1846='fact_iter',<25>,57:63]
( : LPAREN
[@323,1847:1847='(',<32>,57:72]
n : ID
[@324,1848:1848='n',<25>,57:73]
) : RPAREN
[@325,1849:1849=')',<33>,57:74]
) : RPAREN
[@326,1850:1850=')',<33>,57:75]
ut_string : ID
[@327,1878:1886='ut_string',<25>,58:26]
( : LPAREN
[@328,1887:1887='(',<32>,58:35]
"\n" : STRING
[@329,1888:1891='"\n"',<27>,58:36]
) : RPAREN
[@330,1892:1892=')',<33>,58:40]
; : SEMI
[@331,1893:1893=';',<28>,58:41]
} : RBRACE
[@332,1911:1911='}',<35>,59:16]
; : SEMI
[@333,1912:1912=';',<28>,59:17]
} : RBRACE
[@334,1922:1922='}',<35>,60:8]
} : RBRACE
[@335,1928:1928='}',<35>,61:4]
; : SEMI
[@336,1929:1929=';',<28>,61:5]
- : MINUS
[@337,1936:1936='-',<37>,63:4]
- : MINUS
[@338,1937:1937='-',<37>,63:5]
factorial : ID
[@339,1939:1947='factorial',<25>,63:7]
implementat : ID
[@340,1949:1959='implementat',<25>,63:17]
recursiv : ID
[@341,1961:1968='recursiv',<25>,63:29]
fact_rec : ID
[@342,1974:1981='fact_rec',<25>,64:4]
( : LPAREN
[@343,1982:1982='(',<32>,64:12]
n : ID
[@344,1983:1983='n',<25>,64:13]
: : COLON
[@345,1985:1985=':',<29>,64:15]
Int : TYPE
[@346,1987:1989='Int',<22>,64:17]
) : RPAREN
[@347,1990:1990=')',<33>,64:20]
: : COLON
[@348,1992:1992=':',<29>,64:22]
Int : TYPE
[@349,1994:1996='Int',<22>,64:24]
{ : LBRACE
[@350,1998:1998='{',<34>,64:28]
if : IF
[@351,2008:2009='if',<2>,65:8]
n : ID
[@352,2011:2011='n',<25>,65:11]
= : EQUAL
[@353,2013:2013='=',<41>,65:13]
0 : INT
[@354,2015:2015='0',<23>,65:15]
then : THEN
[@355,2017:2020='then',<3>,65:17]
1 : INT
[@356,2022:2022='1',<23>,65:22]
else : ELSE
[@357,2024:2027='else',<4>,65:24]
n : ID
[@358,2029:2029='n',<25>,65:29]
* : MUL
[@359,2031:2031='*',<38>,65:31]
fact_rec : ID
[@360,2033:2040='fact_rec',<25>,65:33]
( : LPAREN
[@361,2041:2041='(',<32>,65:41]
n : ID
[@362,2042:2042='n',<25>,65:42]
- : MINUS
[@363,2044:2044='-',<37>,65:44]
1 : INT
[@364,2046:2046='1',<23>,65:46]
) : RPAREN
[@365,2047:2047=')',<33>,65:47]
fi : FI
[@366,2049:2050='fi',<5>,65:49]
} : RBRACE
[@367,2056:2056='}',<35>,66:4]
; : SEMI
[@368,2057:2057=';',<28>,66:5]
- : MINUS
[@369,2064:2064='-',<37>,68:4]
- : MINUS
[@370,2065:2065='-',<37>,68:5]
factorial : ID
[@371,2067:2075='factorial',<25>,68:7]
implementat : ID
[@372,2077:2087='implementat',<25>,68:17]
iterativ : ID
[@373,2089:2096='iterativ',<25>,68:29]
fact_iter : ID
[@374,2102:2110='fact_iter',<25>,69:4]
( : LPAREN
[@375,2111:2111='(',<32>,69:13]
n : ID
[@376,2112:2112='n',<25>,69:14]
: : COLON
[@377,2114:2114=':',<29>,69:16]
Int : TYPE
[@378,2116:2118='Int',<22>,69:18]
) : RPAREN
[@379,2119:2119=')',<33>,69:21]
: : COLON
[@380,2121:2121=':',<29>,69:23]
Int : TYPE
[@381,2123:2125='Int',<22>,69:25]
{ : LBRACE
[@382,2127:2127='{',<34>,69:29]
let : LET
[@383,2137:2139='let',<11>,70:8]
res : ID
[@384,2141:2143='res',<25>,70:12]
: : COLON
[@385,2145:2145=':',<29>,70:16]
Int : TYPE
[@386,2147:2149='Int',<22>,70:18]
<- : ASSIGN
[@387,2151:2152='<-',<31>,70:22]
1 : INT
[@388,2154:2154='1',<23>,70:25]
- : MINUS
[@389,2164:2164='-',<37>,71:8]
- : MINUS
[@390,2165:2165='-',<37>,71:9]
Blocurile : TYPE_ID
[@391,2167:2175='Blocurile',<24>,71:11]
{ : LBRACE
[@392,2177:2177='{',<34>,71:21]
} : RBRACE
[@393,2178:2178='}',<35>,71:22]
sunt : ID
[@394,2180:2183='sunt',<25>,71:24]
v : ID
[@395,2185:2185='v',<25>,71:29]
zute : ID
[@396,2187:2190='zute',<25>,71:31]
ca : ID
[@397,2192:2193='ca',<25>,71:36]
expresii : ID
[@398,2195:2202='expresii',<25>,71:39]
Valoarea : TYPE_ID
[@399,2205:2212='Valoarea',<24>,71:49]
ultimei : ID
[@400,2214:2220='ultimei',<25>,71:58]
expresii : ID
[@401,2222:2229='expresii',<25>,71:66]
- : MINUS
[@402,2239:2239='-',<37>,72:8]
- : MINUS
[@403,2240:2240='-',<37>,72:9]
din : ID
[@404,2242:2244='din',<25>,72:11]
bloc : ID
[@405,2246:2249='bloc',<25>,72:15]
este : ID
[@406,2251:2254='este',<25>,72:20]
valoarea : ID
[@407,2256:2263='valoarea',<25>,72:25]
blocului : ID
[@408,2265:2272='blocului',<25>,72:34]
in : IN
[@409,2284:2285='in',<12>,73:8]
{ : LBRACE
[@410,2299:2299='{',<34>,74:12]
while : WHILE
[@411,2317:2321='while',<14>,75:16]
( : LPAREN
[@412,2323:2323='(',<32>,75:22]
not : NOT
[@413,2324:2326='not',<7>,75:23]
( : LPAREN
[@414,2328:2328='(',<32>,75:27]
n : ID
[@415,2329:2329='n',<25>,75:28]
= : EQUAL
[@416,2331:2331='=',<41>,75:30]
0 : INT
[@417,2333:2333='0',<23>,75:32]
) : RPAREN
[@418,2334:2334=')',<33>,75:33]
) : RPAREN
[@419,2335:2335=')',<33>,75:34]
loop : LOOP
[@420,2337:2340='loop',<15>,75:36]
{ : LBRACE
[@421,2362:2362='{',<34>,76:20]
res : ID
[@422,2388:2390='res',<25>,77:24]
<- : ASSIGN
[@423,2392:2393='<-',<31>,77:28]
res : ID
[@424,2395:2397='res',<25>,77:31]
* : MUL
[@425,2399:2399='*',<38>,77:35]
n : ID
[@426,2401:2401='n',<25>,77:37]
; : SEMI
[@427,2402:2402=';',<28>,77:38]
n : ID
[@428,2428:2428='n',<25>,78:24]
<- : ASSIGN
[@429,2430:2431='<-',<31>,78:26]
n : ID
[@430,2433:2433='n',<25>,78:29]
- : MINUS
[@431,2435:2435='-',<37>,78:31]
1 : INT
[@432,2437:2437='1',<23>,78:33]
; : SEMI
[@433,2438:2438=';',<28>,78:34]
} : RBRACE
[@434,2460:2460='}',<35>,79:20]
pool : POOL
[@435,2478:2481='pool',<16>,80:16]
; : SEMI
[@436,2482:2482=';',<28>,80:20]
res : ID
[@437,2500:2502='res',<25>,81:16]
; : SEMI
[@438,2503:2503=';',<28>,81:19]
} : RBRACE
[@439,2517:2517='}',<35>,82:12]
} : RBRACE
[@440,2523:2523='}',<35>,83:4]
; : SEMI
[@441,2524:2524=';',<28>,83:5]
} : RBRACE
[@442,2526:2526='}',<35>,84:0]
; : SEMI
[@443,2527:2527=';',<28>,84:1]
<EOF> : EOF
[@444,2528:2527='<EOF>',<-1>,84:2]
"17-big.cl", line 1:1, Syntax error: mismatched input '(' expecting 'class'
Compilation halted
