line 2:13 token recognition error at: '#'
program
  class
    A
    attribute
      x
      Int
